
scripts/template/__tests__/ci.test.ts:
(pass) workflow policy contract > passes the real tree and rejects known-bad ci mutations [455.00ms]
(pass) workflow policy contract > keeps every rendered workflow's dependency graph whole [375.00ms]
(pass) CI bootstrap action > routes its install through the committed retry wrapper
(pass) CI bootstrap action > refuses an empty Bun version and accepts a supplied one [2.00ms]
(pass) CI bootstrap action > verifies the installed Bun against the pinned manifest [6.00ms]
(pass) moon bootstrap action > creates the base refs moon resolves before it is installed [78.00ms]
(pass) bounded dependency install > kills a hung install, caps the attempts, and reports the timeout [2026.00ms]
(pass) bounded dependency install > retries a failing install and surfaces its real exit code [6.00ms]
(pass) bounded dependency install > preserves the frozen and first-lock install semantics [8.00ms]
(pass) aggregate gate > derives its verdict from the upstream results [3.00ms]
(pass) aggregate gate > refuses to go green on a draft even when every job was skipped [1.00ms]
(pass) aggregate gate > skips every gating job on a draft [1.00ms]
(pass) failure tolerance > runs the suite and the compiler through their committed wrappers
(pass) failure tolerance > separates an empty suite from a failing one [21.00ms]
(pass) failure tolerance > classifies every wording of an empty suite and nothing else [9.00ms]
(pass) failure tolerance > separates an empty compiler run from a failing one [680.00ms]
(pass) failure tolerance > keeps the trigger and tolerance policy identical in both lanes [1.00ms]

 17 pass
 0 fail
 197 expect() calls
Ran 17 tests across 1 file. [3.69s]
