host.context
host.command.git
host.command.engine
host.command.cli
host.command.python3
host.command.curl
git.worktree-integrity
host.engine-daemon
state.environment
state.manifest-state
state.values
state.paths
state.manifest
container.record
container.ready-record
container.runtime
container.ownership
container.definition
container.fast-ready
container.workspace-mount
container.git-mount
container.port
container.volumes
container.tools
caddy.binary
caddy.config
caddy.import
caddy.snippet
route.direct
route.friendly
registry.readable
registry.lock
registry.entry
registry.offset-match
registry.port-collision
manifests.port-collision
