{
  "containerEnvironmentFile": "/private/var/folders/gb/4tst5hyd1575hz7hknb6w5b00000gn/T/devenv-stage5a-stage5a-20260806t060225z-21af7c9a/alpha/.dev/state/worktree.container.env",
  "directUrl": "http://127.0.0.1:8504",
  "environmentFile": "/private/var/folders/gb/4tst5hyd1575hz7hknb6w5b00000gn/T/devenv-stage5a-stage5a-20260806t060225z-21af7c9a/alpha/.dev/state/worktree.env",
  "environmentPrefix": "DEVENV",
  "family": "devenv-stage5a-stage5a-20260806t060225z-21af7c9a-alpha",
  "friendlyHost": "devenv-stage5a-stage5a-20260806t060225z-21af7c9a-alpha.devenv.localhost",
  "layout": "worktree",
  "offset": 424,
  "offsetSource": "preferred",
  "portSet": [
    8504
  ],
  "preferredOffset": 424,
  "publishedContainerPort": 8080,
  "publishedHostPort": 8504,
  "repoPath": "/private/var/folders/gb/4tst5hyd1575hz7hknb6w5b00000gn/T/devenv-stage5a-stage5a-20260806t060225z-21af7c9a/alpha",
  "schemaVersion": 1,
  "workspaceId": "devenv-devenv-stage5a-stage5a-20260806t060225z-21af7c9a-alpha"
}
